Archive member included because of file (symbol)

/home/brian/cmpt433/AM335X_StarterWare_02_00_01_01//binary/armv7a/gcc/am335x/drivers/Debug/libdrivers.a(dmtimer.o)
                              Debug/timer.o (DMTimerEnable)
/home/brian/cmpt433/AM335X_StarterWare_02_00_01_01//binary/armv7a/gcc/am335x/drivers/Debug/libdrivers.a(gpio_v2.o)
                              Debug/joystick.o (GPIOModuleReset)
/home/brian/cmpt433/AM335X_StarterWare_02_00_01_01//binary/armv7a/gcc/am335x/drivers/Debug/libdrivers.a(uart_irda_cir.o)
                              Debug/serial.o (UARTOperatingModeSelect)
/home/brian/cmpt433/AM335X_StarterWare_02_00_01_01//binary/armv7a/gcc/am335x/drivers/Debug/libdrivers.a(watchdog.o)
                              Debug/wdtimer.o (WatchdogTimerEnable)
/home/brian/cmpt433/AM335X_StarterWare_02_00_01_01//binary/armv7a/gcc/utils/Debug/libutils.a(consoleUtils.o)
                              Debug/serial.o (ConsoleUtilsSetType)
/home/brian/cmpt433/AM335X_StarterWare_02_00_01_01//binary/armv7a/gcc/utils/Debug/libutils.a(uartStdio.o)
                              /home/brian/cmpt433/AM335X_StarterWare_02_00_01_01//binary/armv7a/gcc/utils/Debug/libutils.a(consoleUtils.o) (UARTStdioInit)
/home/brian/cmpt433/AM335X_StarterWare_02_00_01_01//binary/armv7a/gcc/utils/Debug/libutils.a(ascii.o)
                              /home/brian/cmpt433/AM335X_StarterWare_02_00_01_01//binary/armv7a/gcc/utils/Debug/libutils.a(uartStdio.o) (ASCIIToDigit)
/home/brian/cmpt433/AM335X_StarterWare_02_00_01_01//binary/armv7a/gcc/am335x/beaglebone/platform/Debug/libplatform.a(dmtimer.o)
                              Debug/timer.o (DMTimer2ModuleClkConfig)
/home/brian/cmpt433/AM335X_StarterWare_02_00_01_01//binary/armv7a/gcc/am335x/beaglebone/platform/Debug/libplatform.a(gpio.o)
                              Debug/joystick.o (GPIO0ModuleClkConfig)
/home/brian/cmpt433/AM335X_StarterWare_02_00_01_01//binary/armv7a/gcc/am335x/beaglebone/platform/Debug/libplatform.a(uart.o)
                              Debug/serial.o (UARTPinMuxSetup)
/home/brian/cmpt433/AM335X_StarterWare_02_00_01_01//binary/armv7a/gcc/am335x/beaglebone/platform/Debug/libplatform.a(uartConsole.o)
                              /home/brian/cmpt433/AM335X_StarterWare_02_00_01_01//binary/armv7a/gcc/utils/Debug/libutils.a(uartStdio.o) (UARTConsoleInit)
/home/brian/cmpt433/AM335X_StarterWare_02_00_01_01//binary/armv7a/gcc/am335x/beaglebone/platform/Debug/libplatform.a(watchdog.o)
                              Debug/wdtimer.o (WatchdogTimer1ModuleClkConfig)
/home/brian/cmpt433/AM335X_StarterWare_02_00_01_01//binary/armv7a/gcc/am335x/system_config/Debug/libsystem_config.a(init.o)
                              (Entry)
/home/brian/cmpt433/AM335X_StarterWare_02_00_01_01//binary/armv7a/gcc/am335x/system_config/Debug/libsystem_config.a(interrupt.o)
                              Debug/serial.o (IntRegister)
/home/brian/cmpt433/AM335X_StarterWare_02_00_01_01//binary/armv7a/gcc/am335x/system_config/Debug/libsystem_config.a(startup.o)
                              /home/brian/cmpt433/AM335X_StarterWare_02_00_01_01//binary/armv7a/gcc/am335x/system_config/Debug/libsystem_config.a(init.o) (start_boot)
/home/brian/cmpt433/AM335X_StarterWare_02_00_01_01//binary/armv7a/gcc/am335x/system_config/Debug/libsystem_config.a(cp15.o)
                              /home/brian/cmpt433/AM335X_StarterWare_02_00_01_01//binary/armv7a/gcc/am335x/system_config/Debug/libsystem_config.a(startup.o) (CP15VectorBaseAddrSet)
/home/brian/cmpt433/AM335X_StarterWare_02_00_01_01//binary/armv7a/gcc/am335x/system_config/Debug/libsystem_config.a(cpu.o)
                              /home/brian/cmpt433/AM335X_StarterWare_02_00_01_01//binary/armv7a/gcc/am335x/system_config/Debug/libsystem_config.a(interrupt.o) (CPUIntStatus)
/home/brian/cmpt433/AM335X_StarterWare_02_00_01_01//binary/armv7a/gcc/am335x/system_config/Debug/libsystem_config.a(exceptionhandler.o)
                              /home/brian/cmpt433/AM335X_StarterWare_02_00_01_01//binary/armv7a/gcc/am335x/system_config/Debug/libsystem_config.a(startup.o) (IRQHandler)
/home/brian/cmpt433/linaro-gcc/gcc-arm-none-eabi-4_7-2012q4/lib/gcc/arm-none-eabi/4.7.3//libgcc.a(_udivsi3.o)
                              (__aeabi_uidiv)
/home/brian/cmpt433/linaro-gcc/gcc-arm-none-eabi-4_7-2012q4/lib/gcc/arm-none-eabi/4.7.3//libgcc.a(_divsi3.o)
                              (__aeabi_idiv)
/home/brian/cmpt433/linaro-gcc/gcc-arm-none-eabi-4_7-2012q4/lib/gcc/arm-none-eabi/4.7.3//libgcc.a(_dvmd_tls.o)
                              /home/brian/cmpt433/linaro-gcc/gcc-arm-none-eabi-4_7-2012q4/lib/gcc/arm-none-eabi/4.7.3//libgcc.a(_udivsi3.o) (__aeabi_idiv0)

Allocating common symbols
Common symbol       size              file

fnRAMVectors        0x200             /home/brian/cmpt433/AM335X_StarterWare_02_00_01_01//binary/armv7a/gcc/am335x/system_config/Debug/libsystem_config.a(interrupt.o)

Discarded input sections

 .text          0x00000000        0x0 Debug/fakeTyper.o
[...]
Memory Configuration

Name             Origin             Length             Attributes
DDR0             0x80000000         0x10000000
*default*        0x00000000         0xffffffff

Linker script and memory map

LOAD Debug/fakeTyper.o
LOAD Debug/joystick.o
LOAD Debug/leds.o
LOAD Debug/main.o
LOAD Debug/serial.o
LOAD Debug/timer.o
LOAD Debug/wdtimer.o
LOAD /home/brian/cmpt433/AM335X_StarterWare_02_00_01_01//binary/armv7a/gcc/am335x/drivers/Debug/libdrivers.a
LOAD /home/brian/cmpt433/AM335X_StarterWare_02_00_01_01//binary/armv7a/gcc/utils/Debug/libutils.a
LOAD /home/brian/cmpt433/AM335X_StarterWare_02_00_01_01//binary/armv7a/gcc/am335x/beaglebone/platform/Debug/libplatform.a
LOAD /home/brian/cmpt433/AM335X_StarterWare_02_00_01_01//binary/armv7a/gcc/am335x/system_config/Debug/libsystem_config.a
LOAD /home/brian/cmpt433/linaro-gcc/gcc-arm-none-eabi-4_7-2012q4/arm-none-eabi/lib//libc.a
LOAD /home/brian/cmpt433/linaro-gcc/gcc-arm-none-eabi-4_7-2012q4/lib/gcc/arm-none-eabi/4.7.3//libgcc.a
LOAD /home/brian/cmpt433/AM335X_StarterWare_02_00_01_01//binary/armv7a/gcc/am335x/drivers/Debug/libdrivers.a
LOAD /home/brian/cmpt433/AM335X_StarterWare_02_00_01_01//binary/armv7a/gcc/utils/Debug/libutils.a
LOAD /home/brian/cmpt433/AM335X_StarterWare_02_00_01_01//binary/armv7a/gcc/am335x/beaglebone/platform/Debug/libplatform.a
LOAD /home/brian/cmpt433/AM335X_StarterWare_02_00_01_01//binary/armv7a/gcc/am335x/system_config/Debug/libsystem_config.a
LOAD /home/brian/cmpt433/linaro-gcc/gcc-arm-none-eabi-4_7-2012q4/arm-none-eabi/lib//libc.a
LOAD /home/brian/cmpt433/linaro-gcc/gcc-arm-none-eabi-4_7-2012q4/lib/gcc/arm-none-eabi/4.7.3//libgcc.a

.startcode      0x80000000       0xbc
                0x80000000                . = ALIGN (0x4)
 *init.o(.text)
 .text          0x80000000       0xbc /home/brian/cmpt433/AM335X_StarterWare_02_00_01_01//binary/armv7a/gcc/am335x/system_config/Debug/libsystem_config.a(init.o)
                0x80000000                Entry

.text           0x800000bc     0x4604
                0x800000bc                . = ALIGN (0x4)
 *(.text*)
 .text.FakeTyper_init
                0x800000bc       0x14 Debug/fakeTyper.o
                0x800000bc                FakeTyper_init
 .text.FakeTyper_notifyOnTimeIsr
                0x800000d0       0x24 Debug/fakeTyper.o
                0x800000d0                FakeTyper_notifyOnTimeIsr
 .text.FakeTyper_doBackgroundWork
                0x800000f4       0x9c Debug/fakeTyper.o
                0x800000f4                FakeTyper_doBackgroundWork
 .text.initializeJoystickPins
                0x80000190       0xdc Debug/joystick.o
 .text.Joystick_Init
                0x8000026c       0x60 Debug/joystick.o
                0x8000026c                Joystick_Init
 .text.Joystick_Read
                0x800002cc      0x11c Debug/joystick.o
                0x800002cc                Joystick_Read
 .text.calculatePeriodFromSpeed
                0x800003e8       0x38 Debug/leds.o
 .text.mapIndexToPinNumber
                0x80000420       0x54 Debug/leds.o
 .text.incrementCurrAndGetNextPin
                0x80000474      0x10c Debug/leds.o
 .text.LEDs_Init
                0x80000580       0xfc Debug/leds.o
                0x80000580                LEDs_Init
 .text.turnLEDOn
                0x8000067c       0xa4 Debug/leds.o
 .text.LEDs_NotifyOnTimerIsr
                0x80000720       0x18 Debug/leds.o
                0x80000720                LEDs_NotifyOnTimerIsr
 .text.displayBouncingPattern
                0x80000738       0x94 Debug/leds.o
 .text.LEDs_SetBouncingSpeedTo
                0x800007cc       0x98 Debug/leds.o
                0x800007cc                LEDs_SetBouncingSpeedTo
 .text.LEDs_BouncingSpeedUp
                0x80000864       0x90 Debug/leds.o
                0x80000864                LEDs_BouncingSpeedUp
 .text.LEDs_BouncingSpeedDown
                0x800008f4       0x90 Debug/leds.o
                0x800008f4                LEDs_BouncingSpeedDown
 .text.displayHelpMessage
                0x80000984       0x70 Debug/main.o
 .text.serialRxIsrCallback
                0x800009f4       0x30 Debug/main.o
 .text.doBackgroundSerialWork
                0x80000a24      0x298 Debug/main.o
 .text.main     0x80000cbc      0x13c Debug/main.o
                0x80000cbc                main
 .text.displayResetEvents
                0x80000df8       0xe0 Debug/main.o
 .text.readResetSourceRegister
                0x80000ed8       0x50 Debug/main.o
 .text.Serial_init
                0x80000f28       0xdc Debug/serial.o
                0x80000f28                Serial_init
 .text.Serial_setRxIsrCallback
                0x80001004       0x2c Debug/serial.o
                0x80001004                Serial_setRxIsrCallback
 .text.UartBaudRateSet
                0x80001030       0x5c Debug/serial.o
 .text.UartInterruptEnable
                0x8000108c       0x7c Debug/serial.o
 .text.UARTIsr  0x80001108       0xc8 Debug/serial.o
 .text.Timer_init
                0x800011d0       0x7c Debug/timer.o
                0x800011d0                Timer_init
 .text.Timer_isIsrFlagSet
                0x8000124c       0x28 Debug/timer.o
                0x8000124c                Timer_isIsrFlagSet
 .text.Timer_clearIsrFlag
                0x80001274       0x24 Debug/timer.o
                0x80001274                Timer_clearIsrFlag
 .text.Timer_setTimerIsrCallback
                0x80001298       0x2c Debug/timer.o
                0x80001298                Timer_setTimerIsrCallback
 .text.DMTimerIsr
                0x800012c4       0x88 Debug/timer.o
 .text.DMTimerAintcConfigure
                0x8000134c       0x4c Debug/timer.o
 .text.DMTimerSetUp
                0x80001398       0x5c Debug/timer.o
 .text.Watchdog_init
                0x800013f4       0x84 Debug/wdtimer.o
                0x800013f4                Watchdog_init
 .text.Watchdog_hit
                0x80001478       0x6c Debug/wdtimer.o
                0x80001478                Watchdog_hit
 .text.Watchdog_StopHittingWatchDog
                0x800014e4       0x24 Debug/wdtimer.o
                0x800014e4                Watchdog_StopHittingWatchDog
 .text.DMTimerEnable
                0x80001508       0x6c /home/brian/cmpt433/AM335X_StarterWare_02_00_01_01//binary/armv7a/gcc/am335x/drivers/Debug/libdrivers.a(dmtimer.o)
                0x80001508                DMTimerEnable
 .text.DMTimerModeConfigure
                0x80001574       0xcc /home/brian/cmpt433/AM335X_StarterWare_02_00_01_01//binary/armv7a/gcc/am335x/drivers/Debug/libdrivers.a(dmtimer.o)
                0x80001574                DMTimerModeConfigure
 .text.DMTimerPreScalerClkDisable
                0x80001640       0x6c /home/brian/cmpt433/AM335X_StarterWare_02_00_01_01//binary/armv7a/gcc/am335x/drivers/Debug/libdrivers.a(dmtimer.o)
                0x80001640                DMTimerPreScalerClkDisable
 .text.DMTimerCounterSet
                0x800016ac       0x64 /home/brian/cmpt433/AM335X_StarterWare_02_00_01_01//binary/armv7a/gcc/am335x/drivers/Debug/libdrivers.a(dmtimer.o)
                0x800016ac                DMTimerCounterSet
 .text.DMTimerReloadSet
                0x80001710       0x64 /home/brian/cmpt433/AM335X_StarterWare_02_00_01_01//binary/armv7a/gcc/am335x/drivers/Debug/libdrivers.a(dmtimer.o)
                0x80001710                DMTimerReloadSet
 .text.DMTimerIntStatusClear
                0x80001774       0x34 /home/brian/cmpt433/AM335X_StarterWare_02_00_01_01//binary/armv7a/gcc/am335x/drivers/Debug/libdrivers.a(dmtimer.o)
                0x80001774                DMTimerIntStatusClear
 .text.DMTimerIntEnable
                0x800017a8       0x34 /home/brian/cmpt433/AM335X_StarterWare_02_00_01_01//binary/armv7a/gcc/am335x/drivers/Debug/libdrivers.a(dmtimer.o)
                0x800017a8                DMTimerIntEnable
 .text.DMTimerIntDisable
                0x800017dc       0x34 /home/brian/cmpt433/AM335X_StarterWare_02_00_01_01//binary/armv7a/gcc/am335x/drivers/Debug/libdrivers.a(dmtimer.o)
                0x800017dc                DMTimerIntDisable
 .text.DMTimerWritePostedStatusGet
                0x80001810       0x2c /home/brian/cmpt433/AM335X_StarterWare_02_00_01_01//binary/armv7a/gcc/am335x/drivers/Debug/libdrivers.a(dmtimer.o)
                0x80001810                DMTimerWritePostedStatusGet
 .text.GPIOModuleReset
                0x8000183c       0x54 /home/brian/cmpt433/AM335X_StarterWare_02_00_01_01//binary/armv7a/gcc/am335x/drivers/Debug/libdrivers.a(gpio_v2.o)
                0x8000183c                GPIOModuleReset
 .text.GPIOModuleEnable
                0x80001890       0x38 /home/brian/cmpt433/AM335X_StarterWare_02_00_01_01//binary/armv7a/gcc/am335x/drivers/Debug/libdrivers.a(gpio_v2.o)
                0x80001890                GPIOModuleEnable
 .text.GPIODirModeSet
                0x800018c8       0x88 /home/brian/cmpt433/AM335X_StarterWare_02_00_01_01//binary/armv7a/gcc/am335x/drivers/Debug/libdrivers.a(gpio_v2.o)
                0x800018c8                GPIODirModeSet
 .text.GPIOPinWrite
                0x80001950       0x64 /home/brian/cmpt433/AM335X_StarterWare_02_00_01_01//binary/armv7a/gcc/am335x/drivers/Debug/libdrivers.a(gpio_v2.o)
                0x80001950                GPIOPinWrite
 .text.GPIOPinRead
                0x800019b4       0x40 /home/brian/cmpt433/AM335X_StarterWare_02_00_01_01//binary/armv7a/gcc/am335x/drivers/Debug/libdrivers.a(gpio_v2.o)
                0x800019b4                GPIOPinRead
 .text.UARTOperatingModeSelect
                0x800019f4       0x84 /home/brian/cmpt433/AM335X_StarterWare_02_00_01_01//binary/armv7a/gcc/am335x/drivers/Debug/libdrivers.a(uart_irda_cir.o)
                0x800019f4                UARTOperatingModeSelect
 .text.UARTDivisorValCompute
                0x80001a78      0x104 /home/brian/cmpt433/AM335X_StarterWare_02_00_01_01//binary/armv7a/gcc/am335x/drivers/Debug/libdrivers.a(uart_irda_cir.o)
                0x80001a78                UARTDivisorValCompute
 .text.UARTDivisorLatchWrite
                0x80001b7c      0x210 /home/brian/cmpt433/AM335X_StarterWare_02_00_01_01//binary/armv7a/gcc/am335x/drivers/Debug/libdrivers.a(uart_irda_cir.o)
                0x80001b7c                UARTDivisorLatchWrite
 .text.UARTDivisorLatchDisable
                0x80001d8c       0x38 /home/brian/cmpt433/AM335X_StarterWare_02_00_01_01//binary/armv7a/gcc/am335x/drivers/Debug/libdrivers.a(uart_irda_cir.o)
                0x80001d8c                UARTDivisorLatchDisable
 .text.UARTRegConfigModeEnable
                0x80001dc4       0x9c /home/brian/cmpt433/AM335X_StarterWare_02_00_01_01//binary/armv7a/gcc/am335x/drivers/Debug/libdrivers.a(uart_irda_cir.o)
                0x80001dc4                UARTRegConfigModeEnable
 .text.UARTBreakCtl
                0x80001e60       0x60 /home/brian/cmpt433/AM335X_StarterWare_02_00_01_01//binary/armv7a/gcc/am335x/drivers/Debug/libdrivers.a(uart_irda_cir.o)
                0x80001e60                UARTBreakCtl
 .text.UARTLineCharacConfig
                0x80001ec0       0xa4 /home/brian/cmpt433/AM335X_StarterWare_02_00_01_01//binary/armv7a/gcc/am335x/drivers/Debug/libdrivers.a(uart_irda_cir.o)
                0x80001ec0                UARTLineCharacConfig
 .text.UARTIntEnable
                0x80001f64      0x130 /home/brian/cmpt433/AM335X_StarterWare_02_00_01_01//binary/armv7a/gcc/am335x/drivers/Debug/libdrivers.a(uart_irda_cir.o)
                0x80001f64                UARTIntEnable
 .text.UARTCharPutNonBlocking
                0x80002094       0x8c /home/brian/cmpt433/AM335X_StarterWare_02_00_01_01//binary/armv7a/gcc/am335x/drivers/Debug/libdrivers.a(uart_irda_cir.o)
                0x80002094                UARTCharPutNonBlocking
 .text.UARTCharGetNonBlocking
                0x80002120       0x80 /home/brian/cmpt433/AM335X_StarterWare_02_00_01_01//binary/armv7a/gcc/am335x/drivers/Debug/libdrivers.a(uart_irda_cir.o)
                0x80002120                UARTCharGetNonBlocking
 .text.UARTCharPut
                0x800021a0       0x78 /home/brian/cmpt433/AM335X_StarterWare_02_00_01_01//binary/armv7a/gcc/am335x/drivers/Debug/libdrivers.a(uart_irda_cir.o)
                0x800021a0                UARTCharPut
 .text.UARTIntIdentityGet
                0x80002218       0x6c /home/brian/cmpt433/AM335X_StarterWare_02_00_01_01//binary/armv7a/gcc/am335x/drivers/Debug/libdrivers.a(uart_irda_cir.o)
                0x80002218                UARTIntIdentityGet
 .text.UARTModuleReset
                0x80002284       0x54 /home/brian/cmpt433/AM335X_StarterWare_02_00_01_01//binary/armv7a/gcc/am335x/drivers/Debug/libdrivers.a(uart_irda_cir.o)
                0x80002284                UARTModuleReset
 .text.WatchdogTimerEnable
                0x800022d8       0x80 /home/brian/cmpt433/AM335X_StarterWare_02_00_01_01//binary/armv7a/gcc/am335x/drivers/Debug/libdrivers.a(watchdog.o)
                0x800022d8                WatchdogTimerEnable
 .text.WatchdogTimerDisable
                0x80002358       0x80 /home/brian/cmpt433/AM335X_StarterWare_02_00_01_01//binary/armv7a/gcc/am335x/drivers/Debug/libdrivers.a(watchdog.o)
                0x80002358                WatchdogTimerDisable
 .text.WatchdogTimerReset
                0x800023d8       0x54 /home/brian/cmpt433/AM335X_StarterWare_02_00_01_01//binary/armv7a/gcc/am335x/drivers/Debug/libdrivers.a(watchdog.o)
                0x800023d8                WatchdogTimerReset
 .text.WatchdogTimerPreScalerClkDisable
                0x8000242c       0x58 /home/brian/cmpt433/AM335X_StarterWare_02_00_01_01//binary/armv7a/gcc/am335x/drivers/Debug/libdrivers.a(watchdog.o)
                0x8000242c                WatchdogTimerPreScalerClkDisable
 .text.WatchdogTimerReloadSet
                0x80002484       0x50 /home/brian/cmpt433/AM335X_StarterWare_02_00_01_01//binary/armv7a/gcc/am335x/drivers/Debug/libdrivers.a(watchdog.o)
                0x80002484                WatchdogTimerReloadSet
 .text.WatchdogTimerTriggerSet
                0x800024d4       0x50 /home/brian/cmpt433/AM335X_StarterWare_02_00_01_01//binary/armv7a/gcc/am335x/drivers/Debug/libdrivers.a(watchdog.o)
                0x800024d4                WatchdogTimerTriggerSet
 .text.WatchdogTimerWritePostedStatusGet
                0x80002524       0x38 /home/brian/cmpt433/AM335X_StarterWare_02_00_01_01//binary/armv7a/gcc/am335x/drivers/Debug/libdrivers.a(watchdog.o)
                0x80002524                WatchdogTimerWritePostedStatusGet
 .text.ConsoleUtilsSetType
                0x8000255c       0x54 /home/brian/cmpt433/AM335X_StarterWare_02_00_01_01//binary/armv7a/gcc/utils/Debug/libutils.a(consoleUtils.o)
                0x8000255c                ConsoleUtilsSetType
 .text.ConsoleUtilsPrintf
                0x800025b0       0x6c /home/brian/cmpt433/AM335X_StarterWare_02_00_01_01//binary/armv7a/gcc/utils/Debug/libutils.a(consoleUtils.o)
                0x800025b0                ConsoleUtilsPrintf
 .text.ConsoleUtilsPutChar
                0x8000261c       0x60 /home/brian/cmpt433/AM335X_StarterWare_02_00_01_01//binary/armv7a/gcc/utils/Debug/libutils.a(consoleUtils.o)
                0x8000261c                ConsoleUtilsPutChar
 .text.UARTPuts
                0x8000267c       0xec /home/brian/cmpt433/AM335X_StarterWare_02_00_01_01//binary/armv7a/gcc/utils/Debug/libutils.a(uartStdio.o)
                0x8000267c                UARTPuts
 .text.UARTPutc
                0x80002768       0x30 /home/brian/cmpt433/AM335X_StarterWare_02_00_01_01//binary/armv7a/gcc/utils/Debug/libutils.a(uartStdio.o)
                0x80002768                UARTPutc
 .text.UARTwrite
                0x80002798       0x94 /home/brian/cmpt433/AM335X_StarterWare_02_00_01_01//binary/armv7a/gcc/utils/Debug/libutils.a(uartStdio.o)
                0x80002798                UARTwrite
 .text.UARTPrintf
                0x8000282c      0x6ac /home/brian/cmpt433/AM335X_StarterWare_02_00_01_01//binary/armv7a/gcc/utils/Debug/libutils.a(uartStdio.o)
                0x8000282c                UARTPrintf
 .text.DMTimer2ModuleClkConfig
                0x80002ed8      0x260 /home/brian/cmpt433/AM335X_StarterWare_02_00_01_01//binary/armv7a/gcc/am335x/beaglebone/platform/Debug/libplatform.a(dmtimer.o)
                0x80002ed8                DMTimer2ModuleClkConfig
 .text.GPIO0ModuleClkConfig
                0x80003138      0x148 /home/brian/cmpt433/AM335X_StarterWare_02_00_01_01//binary/armv7a/gcc/am335x/beaglebone/platform/Debug/libplatform.a(gpio.o)
                0x80003138                GPIO0ModuleClkConfig
 .text.GPIO1ModuleClkConfig
                0x80003280       0xbc /home/brian/cmpt433/AM335X_StarterWare_02_00_01_01//binary/armv7a/gcc/am335x/beaglebone/platform/Debug/libplatform.a(gpio.o)
                0x80003280                GPIO1ModuleClkConfig
 .text.UARTPinMuxSetup
                0x8000333c       0x48 /home/brian/cmpt433/AM335X_StarterWare_02_00_01_01//binary/armv7a/gcc/am335x/beaglebone/platform/Debug/libplatform.a(uart.o)
                0x8000333c                UARTPinMuxSetup
 .text.UART0ModuleClkConfig
                0x80003384      0x35c /home/brian/cmpt433/AM335X_StarterWare_02_00_01_01//binary/armv7a/gcc/am335x/beaglebone/platform/Debug/libplatform.a(uart.o)
                0x80003384                UART0ModuleClkConfig
 .text.UARTConsolePutc
                0x800036e0       0x38 /home/brian/cmpt433/AM335X_StarterWare_02_00_01_01//binary/armv7a/gcc/am335x/beaglebone/platform/Debug/libplatform.a(uartConsole.o)
                0x800036e0                UARTConsolePutc
 .text.WatchdogTimer1ModuleClkConfig
                0x80003718      0x248 /home/brian/cmpt433/AM335X_StarterWare_02_00_01_01//binary/armv7a/gcc/am335x/beaglebone/platform/Debug/libplatform.a(watchdog.o)
                0x80003718                WatchdogTimer1ModuleClkConfig
 .text.IntDefaultHandler
                0x80003960       0x14 /home/brian/cmpt433/AM335X_StarterWare_02_00_01_01//binary/armv7a/gcc/am335x/system_config/Debug/libsystem_config.a(interrupt.o)
 .text.IntRegister
                0x80003974       0x34 /home/brian/cmpt433/AM335X_StarterWare_02_00_01_01//binary/armv7a/gcc/am335x/system_config/Debug/libsystem_config.a(interrupt.o)
                0x80003974                IntRegister
 .text.IntAINTCInit
                0x800039a8       0x90 /home/brian/cmpt433/AM335X_StarterWare_02_00_01_01//binary/armv7a/gcc/am335x/system_config/Debug/libsystem_config.a(interrupt.o)
                0x800039a8                IntAINTCInit
 .text.IntPrioritySet
                0x80003a38       0x50 /home/brian/cmpt433/AM335X_StarterWare_02_00_01_01//binary/armv7a/gcc/am335x/system_config/Debug/libsystem_config.a(interrupt.o)
                0x80003a38                IntPrioritySet
 .text.IntSystemEnable
                0x80003a88       0x4c /home/brian/cmpt433/AM335X_StarterWare_02_00_01_01//binary/armv7a/gcc/am335x/system_config/Debug/libsystem_config.a(interrupt.o)
                0x80003a88                IntSystemEnable
 .text.IntMasterIRQEnable
                0x80003ad4       0x18 /home/brian/cmpt433/AM335X_StarterWare_02_00_01_01//binary/armv7a/gcc/am335x/system_config/Debug/libsystem_config.a(interrupt.o)
                0x80003ad4                IntMasterIRQEnable
 .text.start_boot
                0x80003aec       0x24 /home/brian/cmpt433/AM335X_StarterWare_02_00_01_01//binary/armv7a/gcc/am335x/system_config/Debug/libsystem_config.a(startup.o)
                0x80003aec                start_boot
 .text.CopyVectorTable
                0x80003b10       0x98 /home/brian/cmpt433/AM335X_StarterWare_02_00_01_01//binary/armv7a/gcc/am335x/system_config/Debug/libsystem_config.a(startup.o)
 .text          0x80003ba8      0x488 /home/brian/cmpt433/AM335X_StarterWare_02_00_01_01//binary/armv7a/gcc/am335x/system_config/Debug/libsystem_config.a(cp15.o)
                0x80003ba8                CP15ICacheDisable
                0x80003bc4                CP15DCacheDisable
                0x80003be0                CP15ICacheEnable
                0x80003bf0                CP15DCacheEnable
                0x80003c00                CP15DCacheFlush
                0x80003c94                CP15DCacheClean
                0x80003d28                CP15DCacheCleanFlush
                0x80003dbc                CP15ICacheFlush
                0x80003dcc                CP15DCacheCleanBuff
                0x80003e20                CP15DCacheCleanFlushBuff
                0x80003e74                CP15DCacheFlushBuff
                0x80003ed8                CP15ICacheFlushBuff
                0x80003f2c                CP15Ttb0Set
                0x80003f38                CP15TlbInvalidate
                0x80003f44                CP15MMUDisable
                0x80003f5c                CP15MMUEnable
                0x80003f70                CP15VectorBaseAddrSet
                0x80003f7c                CP15BranchPredictorInvalidate
                0x80003f88                CP15BranchPredictionEnable
                0x80003f98                CP15BranchPredictionDisable
                0x80003fa8                CP15DomainAccessClientSet
                0x80003fb8                CP15ControlFeatureDisable
                0x80003fcc                CP15ControlFeatureEnable
                0x80003fe0                CP15TtbCtlTtb0Config
                0x80003ff0                CP15AuxControlFeatureEnable
                0x80004004                CP15AuxControlFeatureDisable
                0x80004018                CP15MainIdPrimPartNumGet
 .text.CPUirqe  0x80004030       0x24 /home/brian/cmpt433/AM335X_StarterWare_02_00_01_01//binary/armv7a/gcc/am335x/system_config/Debug/libsystem_config.a(cpu.o)
                0x80004030                CPUirqe
 .text          0x80004054       0xf0 /home/brian/cmpt433/AM335X_StarterWare_02_00_01_01//binary/armv7a/gcc/am335x/system_config/Debug/libsystem_config.a(exceptionhandler.o)
                0x80004054                SVC_Handler
                0x8000407c                IRQHandler
                0x80004128                FIQHandler
                0x8000412c                UndefInstHandler
                0x8000412c                AbortHandler
 .text          0x80004144      0x114 /home/brian/cmpt433/linaro-gcc/gcc-arm-none-eabi-4_7-2012q4/lib/gcc/arm-none-eabi/4.7.3//libgcc.a(_udivsi3.o)
                0x80004144                __udivsi3
                0x80004144                __aeabi_uidiv
                0x80004238                __aeabi_uidivmod
 .text          0x80004258      0x148 /home/brian/cmpt433/linaro-gcc/gcc-arm-none-eabi-4_7-2012q4/lib/gcc/arm-none-eabi/4.7.3//libgcc.a(_divsi3.o)
                0x80004258                __aeabi_idiv
                0x80004258                __divsi3
                0x80004380                __aeabi_idivmod
 .text          0x800043a0        0x4 /home/brian/cmpt433/linaro-gcc/gcc-arm-none-eabi-4_7-2012q4/lib/gcc/arm-none-eabi/4.7.3//libgcc.a(_dvmd_tls.o)
                0x800043a0                __aeabi_ldiv0
                0x800043a0                __aeabi_idiv0
 *(.rodata*)
 .rodata        0x800043a4       0x54 Debug/leds.o
 .rodata        0x800043f8      0x1d8 Debug/main.o
 .rodata        0x800045d0       0x50 /home/brian/cmpt433/AM335X_StarterWare_02_00_01_01//binary/armv7a/gcc/utils/Debug/libutils.a(consoleUtils.o)
 .rodata        0x80004620       0x60 /home/brian/cmpt433/AM335X_StarterWare_02_00_01_01//binary/armv7a/gcc/utils/Debug/libutils.a(uartStdio.o)
 .rodata.g_pcHex
                0x80004680        0x4 /home/brian/cmpt433/AM335X_StarterWare_02_00_01_01//binary/armv7a/gcc/utils/Debug/libutils.a(uartStdio.o)
 .rodata.AM335X_VECTOR_BASE
                0x80004684        0x4 /home/brian/cmpt433/AM335X_StarterWare_02_00_01_01//binary/armv7a/gcc/am335x/system_config/Debug/libsystem_config.a(startup.o)
                0x80004684                AM335X_VECTOR_BASE
 .rodata.vecTbl
                0x80004688       0x38 /home/brian/cmpt433/AM335X_StarterWare_02_00_01_01//binary/armv7a/gcc/am335x/system_config/Debug/libsystem_config.a(startup.o)

.glue_7         0x800046c0        0x0
 .glue_7        0x00000000        0x0 linker stubs

.glue_7t        0x800046c0        0x0
 .glue_7t       0x00000000        0x0 linker stubs

.vfp11_veneer   0x800046c0        0x0
 .vfp11_veneer  0x00000000        0x0 linker stubs

.v4_bx          0x800046c0        0x0
 .v4_bx         0x00000000        0x0 linker stubs

.iplt           0x800046c0        0x0
 .iplt          0x00000000        0x0 Debug/fakeTyper.o

.rel.dyn        0x800046c0        0x0
 .rel.iplt      0x00000000        0x0 Debug/fakeTyper.o

.data           0x800046c0       0x10
                0x800046c0                . = ALIGN (0x4)
 *(.data*)
 .data.indexToPinDictionary
                0x800046c0       0x10 Debug/leds.o

.igot.plt       0x800046d0        0x0
 .igot.plt      0x00000000        0x0 Debug/fakeTyper.o

.bss            0x800046d0      0x248
                0x800046d0                . = ALIGN (0x4)
                0x800046d0                _bss_start = .
 *(.bss*)
 .bss.s_isTimeToPrintChar
                0x800046d0        0x1 Debug/fakeTyper.o
 *fill*         0x800046d1        0x3 00
 .bss.s_message
                0x800046d4        0x4 Debug/fakeTyper.o
 .bss.pins_info
                0x800046d8       0x10 Debug/joystick.o
 .bss.led_speed
                0x800046e8        0x4 Debug/leds.o
 .bss.flash_time_period
                0x800046ec        0x4 Debug/leds.o
 .bss.current_pin_to_flash
                0x800046f0        0x4 Debug/leds.o
 .bss.reachedLastPin
                0x800046f4        0x1 Debug/leds.o
 *fill*         0x800046f5        0x3 00
 .bss.counter   0x800046f8        0x4 Debug/leds.o
 .bss.s_rxByte  0x800046fc        0x1 Debug/main.o
 *fill*         0x800046fd        0x3 00
 .bss.g_rxIsrCallback
                0x80004700        0x4 Debug/serial.o
 .bss.s_flagIsr
                0x80004704        0x1 Debug/timer.o
 *fill*         0x80004705        0x3 00
 .bss.s_isrCallback
                0x80004708        0x4 Debug/timer.o
 .bss.isWatchDogDisabled
                0x8000470c        0x1 Debug/wdtimer.o
 *fill*         0x8000470d        0x3 00
 .bss.triggerCounter.4170
                0x80004710        0x4 Debug/wdtimer.o
 .bss.ConsoleType
                0x80004714        0x1 /home/brian/cmpt433/AM335X_StarterWare_02_00_01_01//binary/armv7a/gcc/utils/Debug/libutils.a(consoleUtils.o)
 *(COMMON)
 *fill*         0x80004715        0x3 00
 COMMON         0x80004718      0x200 /home/brian/cmpt433/AM335X_StarterWare_02_00_01_01//binary/armv7a/gcc/am335x/system_config/Debug/libsystem_config.a(interrupt.o)
                0x80004718                fnRAMVectors
                0x80004918                _bss_end = .

.heap           0x80004918      0x800
                0x80004918                . = ALIGN (0x4)
                0x80004918                __end__ = .
                0x80004918                end = __end__
                0x80004918                __HeapBase = __end__
 *(.heap*)
                0x80005118                . = (. + 0x800)
 *fill*         0x80004918      0x800 00
                0x80005118                __HeapLimit = .

.stack          0x80005118  0x7fffff8
                0x80005118                . = ALIGN (0x4)
                0x80005118                __StackLimit = .
 *(.stack*)
                0x88005110                . = (. + 0x7fffff8)
 *fill*         0x80005118  0x7fffff8 00
                0x88005110                __StackTop = .
                0x88005110                _stack = __StackTop
OUTPUT(Debug/lightBouncer.out elf32-littlearm)

.debug_info     0x00000000     0x4549
 .debug_info    0x00000000       0xd5 Debug/fakeTyper.o
 .debug_info    0x000000d5      0x133 Debug/joystick.o
 .debug_info    0x00000208      0x234 Debug/leds.o
 .debug_info    0x0000043c      0x17a Debug/main.o
 .debug_info    0x000005b6      0x180 Debug/serial.o
 .debug_info    0x00000736      0x15b Debug/timer.o
 .debug_info    0x00000891       0xb4 Debug/wdtimer.o
 .debug_info    0x00000945      0x5d0 /home/brian/cmpt433/AM335X_StarterWare_02_00_01_01//binary/armv7a/gcc/am335x/drivers/Debug/libdrivers.a(dmtimer.o)
 .debug_info    0x00000f15      0x7b3 /home/brian/cmpt433/AM335X_StarterWare_02_00_01_01//binary/armv7a/gcc/am335x/drivers/Debug/libdrivers.a(gpio_v2.o)
 .debug_info    0x000016c8     0x14ab /home/brian/cmpt433/AM335X_StarterWare_02_00_01_01//binary/armv7a/gcc/am335x/drivers/Debug/libdrivers.a(uart_irda_cir.o)
 .debug_info    0x00002b73      0x45c /home/brian/cmpt433/AM335X_StarterWare_02_00_01_01//binary/armv7a/gcc/am335x/drivers/Debug/libdrivers.a(watchdog.o)
 .debug_info    0x00002fcf      0x29a /home/brian/cmpt433/AM335X_StarterWare_02_00_01_01//binary/armv7a/gcc/utils/Debug/libutils.a(consoleUtils.o)
 .debug_info    0x00003269      0x69a /home/brian/cmpt433/AM335X_StarterWare_02_00_01_01//binary/armv7a/gcc/utils/Debug/libutils.a(uartStdio.o)
 .debug_info    0x00003903       0xd3 /home/brian/cmpt433/AM335X_StarterWare_02_00_01_01//binary/armv7a/gcc/am335x/beaglebone/platform/Debug/libplatform.a(dmtimer.o)
 .debug_info    0x000039d6       0xdd /home/brian/cmpt433/AM335X_StarterWare_02_00_01_01//binary/armv7a/gcc/am335x/beaglebone/platform/Debug/libplatform.a(gpio.o)
 .debug_info    0x00003ab3       0x7e /home/brian/cmpt433/AM335X_StarterWare_02_00_01_01//binary/armv7a/gcc/am335x/beaglebone/platform/Debug/libplatform.a(uart.o)
 .debug_info    0x00003b31      0x156 /home/brian/cmpt433/AM335X_StarterWare_02_00_01_01//binary/armv7a/gcc/am335x/beaglebone/platform/Debug/libplatform.a(uartConsole.o)
 .debug_info    0x00003c87       0x55 /home/brian/cmpt433/AM335X_StarterWare_02_00_01_01//binary/armv7a/gcc/am335x/beaglebone/platform/Debug/libplatform.a(watchdog.o)
 .debug_info    0x00003cdc       0xb1 /home/brian/cmpt433/AM335X_StarterWare_02_00_01_01//binary/armv7a/gcc/am335x/system_config/Debug/libsystem_config.a(init.o)
 .debug_info    0x00003d8d      0x46f /home/brian/cmpt433/AM335X_StarterWare_02_00_01_01//binary/armv7a/gcc/am335x/system_config/Debug/libsystem_config.a(interrupt.o)
 .debug_info    0x000041fc       0xe0 /home/brian/cmpt433/AM335X_StarterWare_02_00_01_01//binary/armv7a/gcc/am335x/system_config/Debug/libsystem_config.a(startup.o)
 .debug_info    0x000042dc       0xb1 /home/brian/cmpt433/AM335X_StarterWare_02_00_01_01//binary/armv7a/gcc/am335x/system_config/Debug/libsystem_config.a(cp15.o)
 .debug_info    0x0000438d       0xf8 /home/brian/cmpt433/AM335X_StarterWare_02_00_01_01//binary/armv7a/gcc/am335x/system_config/Debug/libsystem_config.a(cpu.o)
 .debug_info    0x00004485       0xc4 /home/brian/cmpt433/AM335X_StarterWare_02_00_01_01//binary/armv7a/gcc/am335x/system_config/Debug/libsystem_config.a(exceptionhandler.o)

.debug_abbrev   0x00000000     0x1257
 .debug_abbrev  0x00000000       0xa0 Debug/fakeTyper.o
 .debug_abbrev  0x000000a0       0xcf Debug/joystick.o
 .debug_abbrev  0x0000016f      0x111 Debug/leds.o
 .debug_abbrev  0x00000280       0xda Debug/main.o
 .debug_abbrev  0x0000035a       0xf1 Debug/serial.o
 .debug_abbrev  0x0000044b       0xdb Debug/timer.o
 .debug_abbrev  0x00000526       0x81 Debug/wdtimer.o
 .debug_abbrev  0x000005a7      0x122 /home/brian/cmpt433/AM335X_StarterWare_02_00_01_01//binary/armv7a/gcc/am335x/drivers/Debug/libdrivers.a(dmtimer.o)
 .debug_abbrev  0x000006c9      0x124 /home/brian/cmpt433/AM335X_StarterWare_02_00_01_01//binary/armv7a/gcc/am335x/drivers/Debug/libdrivers.a(gpio_v2.o)
 .debug_abbrev  0x000007ed      0x14e /home/brian/cmpt433/AM335X_StarterWare_02_00_01_01//binary/armv7a/gcc/am335x/drivers/Debug/libdrivers.a(uart_irda_cir.o)
 .debug_abbrev  0x0000093b      0x108 /home/brian/cmpt433/AM335X_StarterWare_02_00_01_01//binary/armv7a/gcc/am335x/drivers/Debug/libdrivers.a(watchdog.o)
 .debug_abbrev  0x00000a43      0x156 /home/brian/cmpt433/AM335X_StarterWare_02_00_01_01//binary/armv7a/gcc/utils/Debug/libutils.a(consoleUtils.o)
 .debug_abbrev  0x00000b99      0x186 /home/brian/cmpt433/AM335X_StarterWare_02_00_01_01//binary/armv7a/gcc/utils/Debug/libutils.a(uartStdio.o)
 .debug_abbrev  0x00000d1f       0x7a /home/brian/cmpt433/AM335X_StarterWare_02_00_01_01//binary/armv7a/gcc/am335x/beaglebone/platform/Debug/libplatform.a(dmtimer.o)
 .debug_abbrev  0x00000d99       0x7a /home/brian/cmpt433/AM335X_StarterWare_02_00_01_01//binary/armv7a/gcc/am335x/beaglebone/platform/Debug/libplatform.a(gpio.o)
 .debug_abbrev  0x00000e13       0x62 /home/brian/cmpt433/AM335X_StarterWare_02_00_01_01//binary/armv7a/gcc/am335x/beaglebone/platform/Debug/libplatform.a(uart.o)
 .debug_abbrev  0x00000e75       0xa3 /home/brian/cmpt433/AM335X_StarterWare_02_00_01_01//binary/armv7a/gcc/am335x/beaglebone/platform/Debug/libplatform.a(uartConsole.o)
 .debug_abbrev  0x00000f18       0x39 /home/brian/cmpt433/AM335X_StarterWare_02_00_01_01//binary/armv7a/gcc/am335x/beaglebone/platform/Debug/libplatform.a(watchdog.o)
 .debug_abbrev  0x00000f51       0x14 /home/brian/cmpt433/AM335X_StarterWare_02_00_01_01//binary/armv7a/gcc/am335x/system_config/Debug/libsystem_config.a(init.o)
 .debug_abbrev  0x00000f65      0x1c2 /home/brian/cmpt433/AM335X_StarterWare_02_00_01_01//binary/armv7a/gcc/am335x/system_config/Debug/libsystem_config.a(interrupt.o)
 .debug_abbrev  0x00001127       0xa4 /home/brian/cmpt433/AM335X_StarterWare_02_00_01_01//binary/armv7a/gcc/am335x/system_config/Debug/libsystem_config.a(startup.o)
 .debug_abbrev  0x000011cb       0x14 /home/brian/cmpt433/AM335X_StarterWare_02_00_01_01//binary/armv7a/gcc/am335x/system_config/Debug/libsystem_config.a(cp15.o)
 .debug_abbrev  0x000011df       0x64 /home/brian/cmpt433/AM335X_StarterWare_02_00_01_01//binary/armv7a/gcc/am335x/system_config/Debug/libsystem_config.a(cpu.o)
 .debug_abbrev  0x00001243       0x14 /home/brian/cmpt433/AM335X_StarterWare_02_00_01_01//binary/armv7a/gcc/am335x/system_config/Debug/libsystem_config.a(exceptionhandler.o)

.debug_loc      0x00000000     0x2eb8
 .debug_loc     0x00000000       0xb0 Debug/fakeTyper.o
 .debug_loc     0x000000b0       0x84 Debug/joystick.o
 .debug_loc     0x00000134      0x1b8 Debug/leds.o
 .debug_loc     0x000002ec      0x108 Debug/main.o
 .debug_loc     0x000003f4       0xdc Debug/serial.o
 .debug_loc     0x000004d0      0x134 Debug/timer.o
 .debug_loc     0x00000604       0x84 Debug/wdtimer.o
 .debug_loc     0x00000688      0x478 /home/brian/cmpt433/AM335X_StarterWare_02_00_01_01//binary/armv7a/gcc/am335x/drivers/Debug/libdrivers.a(dmtimer.o)
 .debug_loc     0x00000b00      0x4fc /home/brian/cmpt433/AM335X_StarterWare_02_00_01_01//binary/armv7a/gcc/am335x/drivers/Debug/libdrivers.a(gpio_v2.o)
 .debug_loc     0x00000ffc      0xcb8 /home/brian/cmpt433/AM335X_StarterWare_02_00_01_01//binary/armv7a/gcc/am335x/drivers/Debug/libdrivers.a(uart_irda_cir.o)
 .debug_loc     0x00001cb4      0x39c /home/brian/cmpt433/AM335X_StarterWare_02_00_01_01//binary/armv7a/gcc/am335x/drivers/Debug/libdrivers.a(watchdog.o)
 .debug_loc     0x00002050      0x178 /home/brian/cmpt433/AM335X_StarterWare_02_00_01_01//binary/armv7a/gcc/utils/Debug/libutils.a(consoleUtils.o)
 .debug_loc     0x000021c8      0x274 /home/brian/cmpt433/AM335X_StarterWare_02_00_01_01//binary/armv7a/gcc/utils/Debug/libutils.a(uartStdio.o)
 .debug_loc     0x0000243c      0x108 /home/brian/cmpt433/AM335X_StarterWare_02_00_01_01//binary/armv7a/gcc/am335x/beaglebone/platform/Debug/libplatform.a(dmtimer.o)
 .debug_loc     0x00002544       0xdc /home/brian/cmpt433/AM335X_StarterWare_02_00_01_01//binary/armv7a/gcc/am335x/beaglebone/platform/Debug/libplatform.a(gpio.o)
 .debug_loc     0x00002620       0x58 /home/brian/cmpt433/AM335X_StarterWare_02_00_01_01//binary/armv7a/gcc/am335x/beaglebone/platform/Debug/libplatform.a(uart.o)
 .debug_loc     0x00002678      0x108 /home/brian/cmpt433/AM335X_StarterWare_02_00_01_01//binary/armv7a/gcc/am335x/beaglebone/platform/Debug/libplatform.a(uartConsole.o)
 .debug_loc     0x00002780       0x2c /home/brian/cmpt433/AM335X_StarterWare_02_00_01_01//binary/armv7a/gcc/am335x/beaglebone/platform/Debug/libplatform.a(watchdog.o)
 .debug_loc     0x000027ac      0x554 /home/brian/cmpt433/AM335X_StarterWare_02_00_01_01//binary/armv7a/gcc/am335x/system_config/Debug/libsystem_config.a(interrupt.o)
 .debug_loc     0x00002d00       0x58 /home/brian/cmpt433/AM335X_StarterWare_02_00_01_01//binary/armv7a/gcc/am335x/system_config/Debug/libsystem_config.a(startup.o)
 .debug_loc     0x00002d58      0x160 /home/brian/cmpt433/AM335X_StarterWare_02_00_01_01//binary/armv7a/gcc/am335x/system_config/Debug/libsystem_config.a(cpu.o)

.debug_aranges  0x00000000      0xad0
 .debug_aranges
                0x00000000       0x38 Debug/fakeTyper.o
 .debug_aranges
                0x00000038       0x30 Debug/joystick.o
 .debug_aranges
                0x00000068       0x68 Debug/leds.o
 .debug_aranges
                0x000000d0       0x48 Debug/main.o
 .debug_aranges
                0x00000118       0x40 Debug/serial.o
 .debug_aranges
                0x00000158       0x50 Debug/timer.o
 .debug_aranges
                0x000001a8       0x30 Debug/wdtimer.o
 .debug_aranges
                0x000001d8       0xe8 /home/brian/cmpt433/AM335X_StarterWare_02_00_01_01//binary/armv7a/gcc/am335x/drivers/Debug/libdrivers.a(dmtimer.o)
 .debug_aranges
                0x000002c0      0x100 /home/brian/cmpt433/AM335X_StarterWare_02_00_01_01//binary/armv7a/gcc/am335x/drivers/Debug/libdrivers.a(gpio_v2.o)
 .debug_aranges
                0x000003c0      0x268 /home/brian/cmpt433/AM335X_StarterWare_02_00_01_01//binary/armv7a/gcc/am335x/drivers/Debug/libdrivers.a(uart_irda_cir.o)
 .debug_aranges
                0x00000628       0xc0 /home/brian/cmpt433/AM335X_StarterWare_02_00_01_01//binary/armv7a/gcc/am335x/drivers/Debug/libdrivers.a(watchdog.o)
 .debug_aranges
                0x000006e8       0x58 /home/brian/cmpt433/AM335X_StarterWare_02_00_01_01//binary/armv7a/gcc/utils/Debug/libutils.a(consoleUtils.o)
 .debug_aranges
                0x00000740       0x88 /home/brian/cmpt433/AM335X_StarterWare_02_00_01_01//binary/armv7a/gcc/utils/Debug/libutils.a(uartStdio.o)
 .debug_aranges
                0x000007c8       0x48 /home/brian/cmpt433/AM335X_StarterWare_02_00_01_01//binary/armv7a/gcc/am335x/beaglebone/platform/Debug/libplatform.a(dmtimer.o)
 .debug_aranges
                0x00000810       0x40 /home/brian/cmpt433/AM335X_StarterWare_02_00_01_01//binary/armv7a/gcc/am335x/beaglebone/platform/Debug/libplatform.a(gpio.o)
 .debug_aranges
                0x00000850       0x28 /home/brian/cmpt433/AM335X_StarterWare_02_00_01_01//binary/armv7a/gcc/am335x/beaglebone/platform/Debug/libplatform.a(uart.o)
 .debug_aranges
                0x00000878       0x48 /home/brian/cmpt433/AM335X_StarterWare_02_00_01_01//binary/armv7a/gcc/am335x/beaglebone/platform/Debug/libplatform.a(uartConsole.o)
 .debug_aranges
                0x000008c0       0x20 /home/brian/cmpt433/AM335X_StarterWare_02_00_01_01//binary/armv7a/gcc/am335x/beaglebone/platform/Debug/libplatform.a(watchdog.o)
 .debug_aranges
                0x000008e0       0x20 /home/brian/cmpt433/AM335X_StarterWare_02_00_01_01//binary/armv7a/gcc/am335x/system_config/Debug/libsystem_config.a(init.o)
 .debug_aranges
                0x00000900      0x110 /home/brian/cmpt433/AM335X_StarterWare_02_00_01_01//binary/armv7a/gcc/am335x/system_config/Debug/libsystem_config.a(interrupt.o)
 .debug_aranges
                0x00000a10       0x28 /home/brian/cmpt433/AM335X_StarterWare_02_00_01_01//binary/armv7a/gcc/am335x/system_config/Debug/libsystem_config.a(startup.o)
 .debug_aranges
                0x00000a38       0x20 /home/brian/cmpt433/AM335X_StarterWare_02_00_01_01//binary/armv7a/gcc/am335x/system_config/Debug/libsystem_config.a(cp15.o)
 .debug_aranges
                0x00000a58       0x58 /home/brian/cmpt433/AM335X_StarterWare_02_00_01_01//binary/armv7a/gcc/am335x/system_config/Debug/libsystem_config.a(cpu.o)
 .debug_aranges
                0x00000ab0       0x20 /home/brian/cmpt433/AM335X_StarterWare_02_00_01_01//binary/armv7a/gcc/am335x/system_config/Debug/libsystem_config.a(exceptionhandler.o)

.debug_ranges   0x00000000      0x920
 .debug_ranges  0x00000000       0x28 Debug/fakeTyper.o
 .debug_ranges  0x00000028       0x20 Debug/joystick.o
 .debug_ranges  0x00000048       0x58 Debug/leds.o
 .debug_ranges  0x000000a0       0x38 Debug/main.o
 .debug_ranges  0x000000d8       0x30 Debug/serial.o
 .debug_ranges  0x00000108       0x40 Debug/timer.o
 .debug_ranges  0x00000148       0x20 Debug/wdtimer.o
 .debug_ranges  0x00000168       0xd8 /home/brian/cmpt433/AM335X_StarterWare_02_00_01_01//binary/armv7a/gcc/am335x/drivers/Debug/libdrivers.a(dmtimer.o)
 .debug_ranges  0x00000240       0xf0 /home/brian/cmpt433/AM335X_StarterWare_02_00_01_01//binary/armv7a/gcc/am335x/drivers/Debug/libdrivers.a(gpio_v2.o)
 .debug_ranges  0x00000330      0x258 /home/brian/cmpt433/AM335X_StarterWare_02_00_01_01//binary/armv7a/gcc/am335x/drivers/Debug/libdrivers.a(uart_irda_cir.o)
 .debug_ranges  0x00000588       0xb0 /home/brian/cmpt433/AM335X_StarterWare_02_00_01_01//binary/armv7a/gcc/am335x/drivers/Debug/libdrivers.a(watchdog.o)
 .debug_ranges  0x00000638       0x48 /home/brian/cmpt433/AM335X_StarterWare_02_00_01_01//binary/armv7a/gcc/utils/Debug/libutils.a(consoleUtils.o)
 .debug_ranges  0x00000680       0x78 /home/brian/cmpt433/AM335X_StarterWare_02_00_01_01//binary/armv7a/gcc/utils/Debug/libutils.a(uartStdio.o)
 .debug_ranges  0x000006f8       0x38 /home/brian/cmpt433/AM335X_StarterWare_02_00_01_01//binary/armv7a/gcc/am335x/beaglebone/platform/Debug/libplatform.a(dmtimer.o)
 .debug_ranges  0x00000730       0x30 /home/brian/cmpt433/AM335X_StarterWare_02_00_01_01//binary/armv7a/gcc/am335x/beaglebone/platform/Debug/libplatform.a(gpio.o)
 .debug_ranges  0x00000760       0x18 /home/brian/cmpt433/AM335X_StarterWare_02_00_01_01//binary/armv7a/gcc/am335x/beaglebone/platform/Debug/libplatform.a(uart.o)
 .debug_ranges  0x00000778       0x38 /home/brian/cmpt433/AM335X_StarterWare_02_00_01_01//binary/armv7a/gcc/am335x/beaglebone/platform/Debug/libplatform.a(uartConsole.o)
 .debug_ranges  0x000007b0       0x10 /home/brian/cmpt433/AM335X_StarterWare_02_00_01_01//binary/armv7a/gcc/am335x/beaglebone/platform/Debug/libplatform.a(watchdog.o)
 .debug_ranges  0x000007c0      0x100 /home/brian/cmpt433/AM335X_StarterWare_02_00_01_01//binary/armv7a/gcc/am335x/system_config/Debug/libsystem_config.a(interrupt.o)
 .debug_ranges  0x000008c0       0x18 /home/brian/cmpt433/AM335X_StarterWare_02_00_01_01//binary/armv7a/gcc/am335x/system_config/Debug/libsystem_config.a(startup.o)
 .debug_ranges  0x000008d8       0x48 /home/brian/cmpt433/AM335X_StarterWare_02_00_01_01//binary/armv7a/gcc/am335x/system_config/Debug/libsystem_config.a(cpu.o)

.debug_line     0x00000000     0x2d03
 .debug_line    0x00000000       0x7d Debug/fakeTyper.o
 .debug_line    0x0000007d      0x134 Debug/joystick.o
 .debug_line    0x000001b1      0x1a9 Debug/leds.o
 .debug_line    0x0000035a      0x168 Debug/main.o
 .debug_line    0x000004c2      0x17c Debug/serial.o
 .debug_line    0x0000063e       0xb4 Debug/timer.o
 .debug_line    0x000006f2       0x68 Debug/wdtimer.o
 .debug_line    0x0000075a      0x2f7 /home/brian/cmpt433/AM335X_StarterWare_02_00_01_01//binary/armv7a/gcc/am335x/drivers/Debug/libdrivers.a(dmtimer.o)
 .debug_line    0x00000a51      0x2fe /home/brian/cmpt433/AM335X_StarterWare_02_00_01_01//binary/armv7a/gcc/am335x/drivers/Debug/libdrivers.a(gpio_v2.o)
 .debug_line    0x00000d4f      0x741 /home/brian/cmpt433/AM335X_StarterWare_02_00_01_01//binary/armv7a/gcc/am335x/drivers/Debug/libdrivers.a(uart_irda_cir.o)
 .debug_line    0x00001490      0x221 /home/brian/cmpt433/AM335X_StarterWare_02_00_01_01//binary/armv7a/gcc/am335x/drivers/Debug/libdrivers.a(watchdog.o)
 .debug_line    0x000016b1      0x1ab /home/brian/cmpt433/AM335X_StarterWare_02_00_01_01//binary/armv7a/gcc/utils/Debug/libutils.a(consoleUtils.o)
 .debug_line    0x0000185c      0x642 /home/brian/cmpt433/AM335X_StarterWare_02_00_01_01//binary/armv7a/gcc/utils/Debug/libutils.a(uartStdio.o)
 .debug_line    0x00001e9e      0x304 /home/brian/cmpt433/AM335X_StarterWare_02_00_01_01//binary/armv7a/gcc/am335x/beaglebone/platform/Debug/libplatform.a(dmtimer.o)
 .debug_line    0x000021a2      0x142 /home/brian/cmpt433/AM335X_StarterWare_02_00_01_01//binary/armv7a/gcc/am335x/beaglebone/platform/Debug/libplatform.a(gpio.o)
 .debug_line    0x000022e4      0x16a /home/brian/cmpt433/AM335X_StarterWare_02_00_01_01//binary/armv7a/gcc/am335x/beaglebone/platform/Debug/libplatform.a(uart.o)
 .debug_line    0x0000244e       0xd2 /home/brian/cmpt433/AM335X_StarterWare_02_00_01_01//binary/armv7a/gcc/am335x/beaglebone/platform/Debug/libplatform.a(uartConsole.o)
 .debug_line    0x00002520       0xdc /home/brian/cmpt433/AM335X_StarterWare_02_00_01_01//binary/armv7a/gcc/am335x/beaglebone/platform/Debug/libplatform.a(watchdog.o)
 .debug_line    0x000025fc       0x95 /home/brian/cmpt433/AM335X_StarterWare_02_00_01_01//binary/armv7a/gcc/am335x/system_config/Debug/libsystem_config.a(init.o)
 .debug_line    0x00002691      0x2bb /home/brian/cmpt433/AM335X_StarterWare_02_00_01_01//binary/armv7a/gcc/am335x/system_config/Debug/libsystem_config.a(interrupt.o)
 .debug_line    0x0000294c       0x96 /home/brian/cmpt433/AM335X_StarterWare_02_00_01_01//binary/armv7a/gcc/am335x/system_config/Debug/libsystem_config.a(startup.o)
 .debug_line    0x000029e2      0x18a /home/brian/cmpt433/AM335X_StarterWare_02_00_01_01//binary/armv7a/gcc/am335x/system_config/Debug/libsystem_config.a(cp15.o)
 .debug_line    0x00002b6c       0xde /home/brian/cmpt433/AM335X_StarterWare_02_00_01_01//binary/armv7a/gcc/am335x/system_config/Debug/libsystem_config.a(cpu.o)
 .debug_line    0x00002c4a       0xb9 /home/brian/cmpt433/AM335X_StarterWare_02_00_01_01//binary/armv7a/gcc/am335x/system_config/Debug/libsystem_config.a(exceptionhandler.o)

.debug_str      0x00000000     0x2088
 .debug_str     0x00000000       0xfd Debug/fakeTyper.o
                                0x102 (size before relaxing)
 .debug_str     0x000000fd       0xbc Debug/joystick.o
                                0x15e (size before relaxing)
 .debug_str     0x000001b9      0x151 Debug/leds.o
                                0x258 (size before relaxing)
 .debug_str     0x0000030a       0x9c Debug/main.o
                                0x1a6 (size before relaxing)
 .debug_str     0x000003a6       0xbe Debug/serial.o
                                0x1ce (size before relaxing)
 .debug_str     0x00000464       0x9c Debug/timer.o
                                0x1a1 (size before relaxing)
 .debug_str     0x00000500       0x67 Debug/wdtimer.o
                                 0xf7 (size before relaxing)
 .debug_str     0x00000567      0x30c /home/brian/cmpt433/AM335X_StarterWare_02_00_01_01//binary/armv7a/gcc/am335x/drivers/Debug/libdrivers.a(dmtimer.o)
                                0x378 (size before relaxing)
 .debug_str     0x00000873      0x2fd /home/brian/cmpt433/AM335X_StarterWare_02_00_01_01//binary/armv7a/gcc/am335x/drivers/Debug/libdrivers.a(gpio_v2.o)
                                0x3d1 (size before relaxing)
 .debug_str     0x00000b70      0x87d /home/brian/cmpt433/AM335X_StarterWare_02_00_01_01//binary/armv7a/gcc/am335x/drivers/Debug/libdrivers.a(uart_irda_cir.o)
                                0x971 (size before relaxing)
 .debug_str     0x000013ed      0x268 /home/brian/cmpt433/AM335X_StarterWare_02_00_01_01//binary/armv7a/gcc/am335x/drivers/Debug/libdrivers.a(watchdog.o)
                                0x330 (size before relaxing)
 .debug_str     0x00001655      0x168 /home/brian/cmpt433/AM335X_StarterWare_02_00_01_01//binary/armv7a/gcc/utils/Debug/libutils.a(consoleUtils.o)
                                0x291 (size before relaxing)
 .debug_str     0x000017bd      0x19c /home/brian/cmpt433/AM335X_StarterWare_02_00_01_01//binary/armv7a/gcc/utils/Debug/libutils.a(uartStdio.o)
                                0x2ae (size before relaxing)
 .debug_str     0x00001959      0x12c /home/brian/cmpt433/AM335X_StarterWare_02_00_01_01//binary/armv7a/gcc/am335x/beaglebone/platform/Debug/libplatform.a(dmtimer.o)
                                0x190 (size before relaxing)
 .debug_str     0x00001a85       0xad /home/brian/cmpt433/AM335X_StarterWare_02_00_01_01//binary/armv7a/gcc/am335x/beaglebone/platform/Debug/libplatform.a(gpio.o)
                                0x179 (size before relaxing)
 .debug_str     0x00001b32       0x5f /home/brian/cmpt433/AM335X_StarterWare_02_00_01_01//binary/armv7a/gcc/am335x/beaglebone/platform/Debug/libplatform.a(uart.o)
                                0x12b (size before relaxing)
 .debug_str     0x00001b91       0xa3 /home/brian/cmpt433/AM335X_StarterWare_02_00_01_01//binary/armv7a/gcc/am335x/beaglebone/platform/Debug/libplatform.a(uartConsole.o)
                                0x1a5 (size before relaxing)
 .debug_str     0x00001c34       0x50 /home/brian/cmpt433/AM335X_StarterWare_02_00_01_01//binary/armv7a/gcc/am335x/beaglebone/platform/Debug/libplatform.a(watchdog.o)
                                0x11c (size before relaxing)
 .debug_str     0x00001c84      0x2f5 /home/brian/cmpt433/AM335X_StarterWare_02_00_01_01//binary/armv7a/gcc/am335x/system_config/Debug/libsystem_config.a(interrupt.o)
                                0x387 (size before relaxing)
 .debug_str     0x00001f79       0x70 /home/brian/cmpt433/AM335X_StarterWare_02_00_01_01//binary/armv7a/gcc/am335x/system_config/Debug/libsystem_config.a(startup.o)
                                0x13c (size before relaxing)
 .debug_str     0x00001fe9       0x9f /home/brian/cmpt433/AM335X_StarterWare_02_00_01_01//binary/armv7a/gcc/am335x/system_config/Debug/libsystem_config.a(cpu.o)
                                0x14e (size before relaxing)

.comment        0x00000000       0x70
 .comment       0x00000000       0x70 Debug/fakeTyper.o
                                 0x71 (size before relaxing)
 .comment       0x00000000       0x71 Debug/joystick.o
 .comment       0x00000000       0x71 Debug/leds.o
 .comment       0x00000000       0x71 Debug/main.o
 .comment       0x00000000       0x71 Debug/serial.o
 .comment       0x00000000       0x71 Debug/timer.o
 .comment       0x00000000       0x71 Debug/wdtimer.o
 .comment       0x00000000       0x71 /home/brian/cmpt433/AM335X_StarterWare_02_00_01_01//binary/armv7a/gcc/am335x/drivers/Debug/libdrivers.a(dmtimer.o)
 .comment       0x00000000       0x71 /home/brian/cmpt433/AM335X_StarterWare_02_00_01_01//binary/armv7a/gcc/am335x/drivers/Debug/libdrivers.a(gpio_v2.o)
 .comment       0x00000000       0x71 /home/brian/cmpt433/AM335X_StarterWare_02_00_01_01//binary/armv7a/gcc/am335x/drivers/Debug/libdrivers.a(uart_irda_cir.o)
 .comment       0x00000000       0x71 /home/brian/cmpt433/AM335X_StarterWare_02_00_01_01//binary/armv7a/gcc/am335x/drivers/Debug/libdrivers.a(watchdog.o)
 .comment       0x00000000       0x71 /home/brian/cmpt433/AM335X_StarterWare_02_00_01_01//binary/armv7a/gcc/utils/Debug/libutils.a(consoleUtils.o)
 .comment       0x00000000       0x71 /home/brian/cmpt433/AM335X_StarterWare_02_00_01_01//binary/armv7a/gcc/utils/Debug/libutils.a(uartStdio.o)
 .comment       0x00000000       0x71 /home/brian/cmpt433/AM335X_StarterWare_02_00_01_01//binary/armv7a/gcc/am335x/beaglebone/platform/Debug/libplatform.a(dmtimer.o)
 .comment       0x00000000       0x71 /home/brian/cmpt433/AM335X_StarterWare_02_00_01_01//binary/armv7a/gcc/am335x/beaglebone/platform/Debug/libplatform.a(gpio.o)
 .comment       0x00000000       0x71 /home/brian/cmpt433/AM335X_StarterWare_02_00_01_01//binary/armv7a/gcc/am335x/beaglebone/platform/Debug/libplatform.a(uart.o)
 .comment       0x00000000       0x71 /home/brian/cmpt433/AM335X_StarterWare_02_00_01_01//binary/armv7a/gcc/am335x/beaglebone/platform/Debug/libplatform.a(uartConsole.o)
 .comment       0x00000000       0x71 /home/brian/cmpt433/AM335X_StarterWare_02_00_01_01//binary/armv7a/gcc/am335x/beaglebone/platform/Debug/libplatform.a(watchdog.o)
 .comment       0x00000000       0x71 /home/brian/cmpt433/AM335X_StarterWare_02_00_01_01//binary/armv7a/gcc/am335x/system_config/Debug/libsystem_config.a(interrupt.o)
 .comment       0x00000000       0x71 /home/brian/cmpt433/AM335X_StarterWare_02_00_01_01//binary/armv7a/gcc/am335x/system_config/Debug/libsystem_config.a(startup.o)
 .comment       0x00000000       0x71 /home/brian/cmpt433/AM335X_StarterWare_02_00_01_01//binary/armv7a/gcc/am335x/system_config/Debug/libsystem_config.a(cpu.o)

.ARM.attributes
                0x00000000       0x3b
 .ARM.attributes
                0x00000000       0x37 Debug/fakeTyper.o
 .ARM.attributes
                0x00000037       0x37 Debug/joystick.o
 .ARM.attributes
                0x0000006e       0x37 Debug/leds.o
 .ARM.attributes
                0x000000a5       0x37 Debug/main.o
 .ARM.attributes
                0x000000dc       0x37 Debug/serial.o
 .ARM.attributes
                0x00000113       0x37 Debug/timer.o
 .ARM.attributes
                0x0000014a       0x37 Debug/wdtimer.o
 .ARM.attributes
                0x00000181       0x37 /home/brian/cmpt433/AM335X_StarterWare_02_00_01_01//binary/armv7a/gcc/am335x/drivers/Debug/libdrivers.a(dmtimer.o)
 .ARM.attributes
                0x000001b8       0x37 /home/brian/cmpt433/AM335X_StarterWare_02_00_01_01//binary/armv7a/gcc/am335x/drivers/Debug/libdrivers.a(gpio_v2.o)
 .ARM.attributes
                0x000001ef       0x37 /home/brian/cmpt433/AM335X_StarterWare_02_00_01_01//binary/armv7a/gcc/am335x/drivers/Debug/libdrivers.a(uart_irda_cir.o)
 .ARM.attributes
                0x00000226       0x37 /home/brian/cmpt433/AM335X_StarterWare_02_00_01_01//binary/armv7a/gcc/am335x/drivers/Debug/libdrivers.a(watchdog.o)
 .ARM.attributes
                0x0000025d       0x37 /home/brian/cmpt433/AM335X_StarterWare_02_00_01_01//binary/armv7a/gcc/utils/Debug/libutils.a(consoleUtils.o)
 .ARM.attributes
                0x00000294       0x37 /home/brian/cmpt433/AM335X_StarterWare_02_00_01_01//binary/armv7a/gcc/utils/Debug/libutils.a(uartStdio.o)
 .ARM.attributes
                0x000002cb       0x37 /home/brian/cmpt433/AM335X_StarterWare_02_00_01_01//binary/armv7a/gcc/am335x/beaglebone/platform/Debug/libplatform.a(dmtimer.o)
 .ARM.attributes
                0x00000302       0x37 /home/brian/cmpt433/AM335X_StarterWare_02_00_01_01//binary/armv7a/gcc/am335x/beaglebone/platform/Debug/libplatform.a(gpio.o)
 .ARM.attributes
                0x00000339       0x37 /home/brian/cmpt433/AM335X_StarterWare_02_00_01_01//binary/armv7a/gcc/am335x/beaglebone/platform/Debug/libplatform.a(uart.o)
 .ARM.attributes
                0x00000370       0x37 /home/brian/cmpt433/AM335X_StarterWare_02_00_01_01//binary/armv7a/gcc/am335x/beaglebone/platform/Debug/libplatform.a(uartConsole.o)
 .ARM.attributes
                0x000003a7       0x37 /home/brian/cmpt433/AM335X_StarterWare_02_00_01_01//binary/armv7a/gcc/am335x/beaglebone/platform/Debug/libplatform.a(watchdog.o)
 .ARM.attributes
                0x000003de       0x23 /home/brian/cmpt433/AM335X_StarterWare_02_00_01_01//binary/armv7a/gcc/am335x/system_config/Debug/libsystem_config.a(init.o)
 .ARM.attributes
                0x00000401       0x3d /home/brian/cmpt433/AM335X_StarterWare_02_00_01_01//binary/armv7a/gcc/am335x/system_config/Debug/libsystem_config.a(interrupt.o)
 .ARM.attributes
                0x0000043e       0x3d /home/brian/cmpt433/AM335X_StarterWare_02_00_01_01//binary/armv7a/gcc/am335x/system_config/Debug/libsystem_config.a(startup.o)
 .ARM.attributes
                0x0000047b       0x23 /home/brian/cmpt433/AM335X_StarterWare_02_00_01_01//binary/armv7a/gcc/am335x/system_config/Debug/libsystem_config.a(cp15.o)
 .ARM.attributes
                0x0000049e       0x3d /home/brian/cmpt433/AM335X_StarterWare_02_00_01_01//binary/armv7a/gcc/am335x/system_config/Debug/libsystem_config.a(cpu.o)
 .ARM.attributes
                0x000004db       0x23 /home/brian/cmpt433/AM335X_StarterWare_02_00_01_01//binary/armv7a/gcc/am335x/system_config/Debug/libsystem_config.a(exceptionhandler.o)
 .ARM.attributes
                0x000004fe       0x18 /home/brian/cmpt433/linaro-gcc/gcc-arm-none-eabi-4_7-2012q4/lib/gcc/arm-none-eabi/4.7.3//libgcc.a(_udivsi3.o)
 .ARM.attributes
                0x00000516       0x18 /home/brian/cmpt433/linaro-gcc/gcc-arm-none-eabi-4_7-2012q4/lib/gcc/arm-none-eabi/4.7.3//libgcc.a(_divsi3.o)
 .ARM.attributes
                0x0000052e       0x18 /home/brian/cmpt433/linaro-gcc/gcc-arm-none-eabi-4_7-2012q4/lib/gcc/arm-none-eabi/4.7.3//libgcc.a(_dvmd_tls.o)

.debug_frame    0x00000000     0x1cf0
 .debug_frame   0x00000000       0x74 Debug/fakeTyper.o
 .debug_frame   0x00000074       0x64 Debug/joystick.o
 .debug_frame   0x000000d8      0x124 Debug/leds.o
 .debug_frame   0x000001fc       0xb0 Debug/main.o
 .debug_frame   0x000002ac       0x98 Debug/serial.o
 .debug_frame   0x00000344       0xc8 Debug/timer.o
 .debug_frame   0x0000040c       0x60 Debug/wdtimer.o
 .debug_frame   0x0000046c      0x2b4 /home/brian/cmpt433/AM335X_StarterWare_02_00_01_01//binary/armv7a/gcc/am335x/drivers/Debug/libdrivers.a(dmtimer.o)
 .debug_frame   0x00000720      0x2c8 /home/brian/cmpt433/AM335X_StarterWare_02_00_01_01//binary/armv7a/gcc/am335x/drivers/Debug/libdrivers.a(gpio_v2.o)
 .debug_frame   0x000009e8      0x778 /home/brian/cmpt433/AM335X_StarterWare_02_00_01_01//binary/armv7a/gcc/am335x/drivers/Debug/libdrivers.a(uart_irda_cir.o)
 .debug_frame   0x00001160      0x228 /home/brian/cmpt433/AM335X_StarterWare_02_00_01_01//binary/armv7a/gcc/am335x/drivers/Debug/libdrivers.a(watchdog.o)
 .debug_frame   0x00001388      0x108 /home/brian/cmpt433/AM335X_StarterWare_02_00_01_01//binary/armv7a/gcc/utils/Debug/libutils.a(consoleUtils.o)
 .debug_frame   0x00001490      0x1a8 /home/brian/cmpt433/AM335X_StarterWare_02_00_01_01//binary/armv7a/gcc/utils/Debug/libutils.a(uartStdio.o)
 .debug_frame   0x00001638       0xa0 /home/brian/cmpt433/AM335X_StarterWare_02_00_01_01//binary/armv7a/gcc/am335x/beaglebone/platform/Debug/libplatform.a(dmtimer.o)
 .debug_frame   0x000016d8       0x88 /home/brian/cmpt433/AM335X_StarterWare_02_00_01_01//binary/armv7a/gcc/am335x/beaglebone/platform/Debug/libplatform.a(gpio.o)
 .debug_frame   0x00001760       0x40 /home/brian/cmpt433/AM335X_StarterWare_02_00_01_01//binary/armv7a/gcc/am335x/beaglebone/platform/Debug/libplatform.a(uart.o)
 .debug_frame   0x000017a0       0xb8 /home/brian/cmpt433/AM335X_StarterWare_02_00_01_01//binary/armv7a/gcc/am335x/beaglebone/platform/Debug/libplatform.a(uartConsole.o)
 .debug_frame   0x00001858       0x28 /home/brian/cmpt433/AM335X_StarterWare_02_00_01_01//binary/armv7a/gcc/am335x/beaglebone/platform/Debug/libplatform.a(watchdog.o)
 .debug_frame   0x00001880      0x314 /home/brian/cmpt433/AM335X_StarterWare_02_00_01_01//binary/armv7a/gcc/am335x/system_config/Debug/libsystem_config.a(interrupt.o)
 .debug_frame   0x00001b94       0x48 /home/brian/cmpt433/AM335X_StarterWare_02_00_01_01//binary/armv7a/gcc/am335x/system_config/Debug/libsystem_config.a(startup.o)
 .debug_frame   0x00001bdc       0xd4 /home/brian/cmpt433/AM335X_StarterWare_02_00_01_01//binary/armv7a/gcc/am335x/system_config/Debug/libsystem_config.a(cpu.o)
 .debug_frame   0x00001cb0       0x20 /home/brian/cmpt433/linaro-gcc/gcc-arm-none-eabi-4_7-2012q4/lib/gcc/arm-none-eabi/4.7.3//libgcc.a(_udivsi3.o)
 .debug_frame   0x00001cd0       0x20 /home/brian/cmpt433/linaro-gcc/gcc-arm-none-eabi-4_7-2012q4/lib/gcc/arm-none-eabi/4.7.3//libgcc.a(_divsi3.o)
